// Jest Snapshot v1, https://goo.gl/fbAQLP

exports[`Laminar fixtures Should start and stop services: Entites 1`] = `
[
  {
    "columns": {
      "address_line_1": "Address 1 1",
      "address_line_2": "Address 1 2",
      "city": "City 1",
      "country": "UK",
      "county": "County 1",
      "id": 1,
      "postcode": "BST SW1",
      "source_system_id": 1,
      "updated_at": null,
    },
    "serialColumn": "id",
    "serialIndex": undefined,
    "table": "addresses",
    "updateMaxSerial": true,
  },
  {
    "columns": {
      "address_id": 1,
      "commissioned_on": 2020-01-01T00:00:00.000Z,
      "dnc_reference": 1000,
      "export_mpan": "11111111111111111",
      "export_type": "Deemed",
      "id": 1,
      "installed_on": 2020-01-01T00:00:00.000Z,
      "legacy_fit_db_id": "FIT1",
      "mcs_reference": "123",
      "name": "Installation 1",
      "property_type": "Domestic",
      "source_system_id": 1,
      "supply_mpan": "11111111111111111",
      "technology_type": "PV",
      "tic_reference": 1000,
      "type": "Retrofit",
    },
    "serialColumn": "id",
    "serialIndex": undefined,
    "table": "installations",
    "updateMaxSerial": true,
  },
  {
    "columns": {
      "code": "Tariff 1",
      "id": 1,
      "source_system_id": 1,
      "type": "Generation",
    },
    "serialColumn": "id",
    "serialIndex": undefined,
    "table": "tariffs",
    "updateMaxSerial": true,
  },
  {
    "columns": {
      "code": "Tariff 2",
      "id": 2,
      "source_system_id": 2,
      "type": "Export",
    },
    "serialColumn": "id",
    "serialIndex": undefined,
    "table": "tariffs",
    "updateMaxSerial": true,
  },
  {
    "columns": {
      "address_line_1": "Address 2 1",
      "address_line_2": "Address 2 2",
      "city": "City 2",
      "country": "UK",
      "county": "County 2",
      "id": 2,
      "postcode": "BST SW2",
      "source_system_id": 2,
      "updated_at": null,
    },
    "serialColumn": "id",
    "serialIndex": undefined,
    "table": "addresses",
    "updateMaxSerial": true,
  },
  {
    "columns": {
      "address_id": 2,
      "email": "email1@example.com",
      "first_name": "Name 1",
      "id": 1,
      "last_name": "Name 1",
      "phone": "123123",
      "title": "Mr",
      "updated_at": null,
    },
    "serialColumn": "id",
    "serialIndex": undefined,
    "table": "contacts",
    "updateMaxSerial": true,
  },
  {
    "columns": {
      "address_line_1": "Address 3 1",
      "address_line_2": "Address 3 2",
      "city": "City 3",
      "country": "UK",
      "county": "County 3",
      "id": 3,
      "postcode": "BST SW3",
      "source_system_id": 3,
      "updated_at": null,
    },
    "serialColumn": "id",
    "serialIndex": undefined,
    "table": "addresses",
    "updateMaxSerial": true,
  },
  {
    "columns": {
      "address_id": 3,
      "email": "email2@example.com",
      "first_name": "Name 2",
      "id": 2,
      "last_name": "Name 2",
      "phone": "123123",
      "title": "Mrs",
      "updated_at": null,
    },
    "serialColumn": "id",
    "serialIndex": undefined,
    "table": "contacts",
    "updateMaxSerial": true,
  },
  {
    "columns": {
      "address_line_1": "Address 4 1",
      "address_line_2": "Address 4 2",
      "city": "City 4",
      "country": "UK",
      "county": "County 4",
      "id": 4,
      "postcode": "BST SW4",
      "source_system_id": 4,
      "updated_at": null,
    },
    "serialColumn": "id",
    "serialIndex": undefined,
    "table": "addresses",
    "updateMaxSerial": true,
  },
  {
    "columns": {
      "billing_address_id": 4,
      "customer_reference": "customer-1",
      "generator_id": "11111-1",
      "id": 1,
      "primary_contact_id": 1,
      "secondary_contact_id": 2,
      "source_system_id": 1,
      "updated_at": null,
    },
    "serialColumn": "id",
    "serialIndex": undefined,
    "table": "customers",
    "updateMaxSerial": true,
  },
  {
    "columns": {
      "customer_id": 1,
      "end_on": null,
      "id": 1,
      "payment_plan": "BACs",
      "start_on": 2020-01-01T00:00:00.000Z,
      "state": "Active",
      "updated_at": null,
    },
    "serialColumn": "id",
    "serialIndex": undefined,
    "table": "accounts",
    "updateMaxSerial": true,
  },
  {
    "columns": {
      "account_id": 1,
      "contact_id": 1,
      "export_tariff_id": 2,
      "generation_tariff_id": 1,
      "id": 1,
      "installation_id": 1,
      "scheme_account_reference": "FIT1",
      "scheme_type": "FIT",
      "source_system_id": 1,
      "terms_and_conditions_agreed": true,
    },
    "serialColumn": "id",
    "serialIndex": undefined,
    "table": "contracts",
    "updateMaxSerial": true,
  },
  {
    "columns": {
      "gsp": "_L",
      "hh_metered": true,
      "id": 1,
      "make": "Make 1",
      "model": "Model 1",
      "mpan": "11111111",
      "serial_number": "123123123",
      "shared": false,
      "source_system_id": 1,
    },
    "serialColumn": "id",
    "serialIndex": undefined,
    "table": "meters",
    "updateMaxSerial": true,
  },
  {
    "columns": {
      "id": 1,
      "installation_id": 1,
      "meter_id": 1,
      "meter_type": "Generation",
      "source_system_id": 1,
      "start_on": 2020-01-01T00:00:00.000Z,
    },
    "serialColumn": "id",
    "serialIndex": undefined,
    "table": "installation_meters",
    "updateMaxSerial": true,
  },
  {
    "columns": {
      "gsp": "_L",
      "hh_metered": true,
      "id": 2,
      "make": "Make 2",
      "model": "Model 2",
      "mpan": "11111111",
      "serial_number": "123123123",
      "shared": false,
      "source_system_id": 2,
    },
    "serialColumn": "id",
    "serialIndex": undefined,
    "table": "meters",
    "updateMaxSerial": true,
  },
  {
    "columns": {
      "id": 2,
      "installation_id": 1,
      "meter_id": 2,
      "meter_type": "Export",
      "source_system_id": 2,
      "start_on": 2020-01-01T00:00:00.000Z,
    },
    "serialColumn": "id",
    "serialIndex": undefined,
    "table": "installation_meters",
    "updateMaxSerial": true,
  },
  {
    "columns": {
      "account_id": 1,
      "account_identifier": undefined,
      "comments": "[]",
      "created_at": 2021-07-30T00:00:00.000Z,
      "description": "Issue 1",
      "id": 1,
      "reference_id": 1,
      "reference_type": "Account",
      "state": "Open",
      "type": "Account Pending",
    },
    "serialColumn": "id",
    "serialIndex": "issues_id_seq",
    "table": "issues",
    "updateMaxSerial": true,
  },
]
`;

exports[`Laminar fixtures Should start and stop services: Setup Queries 1`] = `
[
  {
    "text": "INSERT INTO "addresses" ("id", "city", "county", "country", "postcode", "updated_at", "address_line_1", "address_line_2", "source_system_id") VALUES ($1,$2,$3,$4,$5,$6,$7,$8,$9),($10,$11,$12,$13,$14,$15,$16,$17,$18),($19,$20,$21,$22,$23,$24,$25,$26,$27),($28,$29,$30,$31,$32,$33,$34,$35,$36)",
    "values": [
      1,
      "City 1",
      "County 1",
      "UK",
      "BST SW1",
      null,
      "Address 1 1",
      "Address 1 2",
      1,
      2,
      "City 2",
      "County 2",
      "UK",
      "BST SW2",
      null,
      "Address 2 1",
      "Address 2 2",
      2,
      3,
      "City 3",
      "County 3",
      "UK",
      "BST SW3",
      null,
      "Address 3 1",
      "Address 3 2",
      3,
      4,
      "City 4",
      "County 4",
      "UK",
      "BST SW4",
      null,
      "Address 4 1",
      "Address 4 2",
      4,
    ],
  },
  {
    "text": "SELECT setval(pg_get_serial_sequence('addresses', 'id'), coalesce(max("id"), 0)+1 , false) FROM "addresses";",
    "values": [],
  },
  {
    "text": "INSERT INTO "installations" ("id", "name", "type", "technology_type", "property_type", "export_type", "commissioned_on", "installed_on", "mcs_reference", "tic_reference", "dnc_reference", "export_mpan", "source_system_id", "legacy_fit_db_id", "supply_mpan", "address_id") VALUES ($1,$2,$3,$4,$5,$6,$7,$8,$9,$10,$11,$12,$13,$14,$15,$16)",
    "values": [
      1,
      "Installation 1",
      "Retrofit",
      "PV",
      "Domestic",
      "Deemed",
      2020-01-01T00:00:00.000Z,
      2020-01-01T00:00:00.000Z,
      "123",
      1000,
      1000,
      "11111111111111111",
      1,
      "FIT1",
      "11111111111111111",
      1,
    ],
  },
  {
    "text": "SELECT setval(pg_get_serial_sequence('installations', 'id'), coalesce(max("id"), 0)+1 , false) FROM "installations";",
    "values": [],
  },
  {
    "text": "INSERT INTO "tariffs" ("id", "code", "type", "source_system_id") VALUES ($1,$2,$3,$4),($5,$6,$7,$8)",
    "values": [
      1,
      "Tariff 1",
      "Generation",
      1,
      2,
      "Tariff 2",
      "Export",
      2,
    ],
  },
  {
    "text": "SELECT setval(pg_get_serial_sequence('tariffs', 'id'), coalesce(max("id"), 0)+1 , false) FROM "tariffs";",
    "values": [],
  },
  {
    "text": "INSERT INTO "contacts" ("id", "address_id", "title", "first_name", "last_name", "email", "phone", "updated_at") VALUES ($1,$2,$3,$4,$5,$6,$7,$8),($9,$10,$11,$12,$13,$14,$15,$16)",
    "values": [
      1,
      2,
      "Mr",
      "Name 1",
      "Name 1",
      "email1@example.com",
      "123123",
      null,
      2,
      3,
      "Mrs",
      "Name 2",
      "Name 2",
      "email2@example.com",
      "123123",
      null,
    ],
  },
  {
    "text": "SELECT setval(pg_get_serial_sequence('contacts', 'id'), coalesce(max("id"), 0)+1 , false) FROM "contacts";",
    "values": [],
  },
  {
    "text": "INSERT INTO "customers" ("id", "customer_reference", "primary_contact_id", "secondary_contact_id", "billing_address_id", "source_system_id", "generator_id", "updated_at") VALUES ($1,$2,$3,$4,$5,$6,$7,$8)",
    "values": [
      1,
      "customer-1",
      1,
      2,
      4,
      1,
      "11111-1",
      null,
    ],
  },
  {
    "text": "SELECT setval(pg_get_serial_sequence('customers', 'id'), coalesce(max("id"), 0)+1 , false) FROM "customers";",
    "values": [],
  },
  {
    "text": "INSERT INTO "accounts" ("id", "customer_id", "state", "payment_plan", "updated_at", "start_on", "end_on") VALUES ($1,$2,$3,$4,$5,$6,$7)",
    "values": [
      1,
      1,
      "Active",
      "BACs",
      null,
      2020-01-01T00:00:00.000Z,
      null,
    ],
  },
  {
    "text": "SELECT setval(pg_get_serial_sequence('accounts', 'id'), coalesce(max("id"), 0)+1 , false) FROM "accounts";",
    "values": [],
  },
  {
    "text": "INSERT INTO "contracts" ("id", "scheme_type", "scheme_account_reference", "terms_and_conditions_agreed", "installation_id", "generation_tariff_id", "export_tariff_id", "source_system_id", "contact_id", "account_id") VALUES ($1,$2,$3,$4,$5,$6,$7,$8,$9,$10)",
    "values": [
      1,
      "FIT",
      "FIT1",
      true,
      1,
      1,
      2,
      1,
      1,
      1,
    ],
  },
  {
    "text": "SELECT setval(pg_get_serial_sequence('contracts', 'id'), coalesce(max("id"), 0)+1 , false) FROM "contracts";",
    "values": [],
  },
  {
    "text": "INSERT INTO "meters" ("id", "mpan", "shared", "serial_number", "make", "model", "hh_metered", "gsp", "source_system_id") VALUES ($1,$2,$3,$4,$5,$6,$7,$8,$9),($10,$11,$12,$13,$14,$15,$16,$17,$18)",
    "values": [
      1,
      "11111111",
      false,
      "123123123",
      "Make 1",
      "Model 1",
      true,
      "_L",
      1,
      2,
      "11111111",
      false,
      "123123123",
      "Make 2",
      "Model 2",
      true,
      "_L",
      2,
    ],
  },
  {
    "text": "SELECT setval(pg_get_serial_sequence('meters', 'id'), coalesce(max("id"), 0)+1 , false) FROM "meters";",
    "values": [],
  },
  {
    "text": "INSERT INTO "installation_meters" ("id", "meter_type", "meter_id", "installation_id", "start_on", "source_system_id") VALUES ($1,$2,$3,$4,$5,$6),($7,$8,$9,$10,$11,$12)",
    "values": [
      1,
      "Generation",
      1,
      1,
      2020-01-01T00:00:00.000Z,
      1,
      2,
      "Export",
      2,
      1,
      2020-01-01T00:00:00.000Z,
      2,
    ],
  },
  {
    "text": "SELECT setval(pg_get_serial_sequence('installation_meters', 'id'), coalesce(max("id"), 0)+1 , false) FROM "installation_meters";",
    "values": [],
  },
  {
    "text": "INSERT INTO "issues" ("id", "description", "account_id", "account_identifier", "comments", "created_at", "type", "state", "reference_type", "reference_id") VALUES ($1,$2,$3,$4,$5,$6,$7,$8,$9,$10)",
    "values": [
      1,
      "Issue 1",
      1,
      null,
      "[]",
      2021-07-30T00:00:00.000Z,
      "Account Pending",
      "Open",
      "Account",
      1,
    ],
  },
  {
    "text": "SELECT setval('issues_id_seq', coalesce(max("id"), 0)+1 , false) FROM "issues";",
    "values": [],
  },
]
`;

exports[`Laminar fixtures Should start and stop services: Teardown Queries 1`] = `
[
  {
    "text": "DELETE FROM "issues" WHERE id IN ($1)",
    "values": [
      1,
    ],
  },
  {
    "text": "DELETE FROM "installation_meters" WHERE id IN ($1, $2)",
    "values": [
      1,
      2,
    ],
  },
  {
    "text": "DELETE FROM "meters" WHERE id IN ($1, $2)",
    "values": [
      1,
      2,
    ],
  },
  {
    "text": "DELETE FROM "contracts" WHERE id IN ($1)",
    "values": [
      1,
    ],
  },
  {
    "text": "DELETE FROM "accounts" WHERE id IN ($1)",
    "values": [
      1,
    ],
  },
  {
    "text": "DELETE FROM "customers" WHERE id IN ($1)",
    "values": [
      1,
    ],
  },
  {
    "text": "DELETE FROM "contacts" WHERE id IN ($1, $2)",
    "values": [
      1,
      2,
    ],
  },
  {
    "text": "DELETE FROM "tariffs" WHERE id IN ($1, $2)",
    "values": [
      1,
      2,
    ],
  },
  {
    "text": "DELETE FROM "installations" WHERE id IN ($1)",
    "values": [
      1,
    ],
  },
  {
    "text": "DELETE FROM "addresses" WHERE id IN ($1, $2, $3, $4)",
    "values": [
      1,
      2,
      3,
      4,
    ],
  },
]
`;
